// Jest Snapshot v1, https://goo.gl/fbAQLP

exports[`Details Page displays course details when course exists 1`] = `
<DocumentFragment>
  <div
    class="course-detail"
  >
    <div
      class="course-detail__image-container"
    >
      <img
        alt="Course 1"
        class="course-detail__image"
        src="image1.jpg"
      />
    </div>
    <div
      class="course-detail__details"
    >
      <h2>
        Course 1
      </h2>
      <p>
        Description for course 1
      </p>
      <p>
        Price: $5.99
      </p>
      <p>
        Duration:300 minutes
      </p>
      <p>
        Instructor:Instructor 1
      </p>
    </div>
  </div>
</DocumentFragment>
`;
